08:55:19 **** Incremental Build of configuration Debug for project testeBtnLed ****
make -j12 all 
arm-none-eabi-gcc "../Core/Src/main.c" -mcpu=cortex-m4 -std=gnu11 -g3 -DDEBUG -DUSE_HAL_DRIVER -DSTM32F446xx -c -I../Core/Inc -I../Drivers/STM32F4xx_HAL_Driver/Inc -I../Drivers/STM32F4xx_HAL_Driver/Inc/Legacy -I../Drivers/CMSIS/Device/ST/STM32F4xx/Include -I../Drivers/CMSIS/Include -O0 -ffunction-sections -fdata-sections -Wall -fstack-usage -fcyclomatic-complexity -MMD -MP -MF"Core/Src/main.d" -MT"Core/Src/main.o" --specs=nano.specs -mfpu=fpv4-sp-d16 -mfloat-abi=hard -mthumb -o "Core/Src/main.o"
arm-none-eabi-gcc -o "testeBtnLed.elf" @"objects.list"   -mcpu=cortex-m4 -T"D:\RepositorioGit\STM32Projetos\testeBtnLed\STM32F446RETX_FLASH.ld" --specs=nosys.specs -Wl,-Map="testeBtnLed.map" -Wl,--gc-sections -static --specs=nano.specs -mfpu=fpv4-sp-d16 -mfloat-abi=hard -mthumb -Wl,--start-group -lc -lm -Wl,--end-group
Finished building target: testeBtnLed.elf
 
arm-none-eabi-size  testeBtnLed.elf 
arm-none-eabi-objdump -h -S testeBtnLed.elf  > "testeBtnLed.list"
   text	   data	    bss	    dec	    hex	filename
   9448	     68	   1644	  11160	   2b98	testeBtnLed.elf
Finished building: default.size.stdout
 
Finished building: testeBtnLed.list
 
08:55:26 **** Incremental Build of configuration Debug for project testeBtnLed ****
make -j12 all 
arm-none-eabi-size  testeBtnLed.elf 
   text	   data	    bss	    dec	    hex	filename
   9448	     68	   1644	  11160	   2b98	testeBtnLed.elf
Finished building: default.size.stdout
 
08:58:01 **** Incremental Build of configuration Debug for project testeBtnLed ****
make -j12 all 
arm-none-eabi-size  testeBtnLed.elf 
   text	   data	    bss	    dec	    hex	filename
   9448	     68	   1644	  11160	   2b98	testeBtnLed.elf
Finished building: default.size.stdout
 
