09:43:40 **** Incremental Build of configuration Debug for project teste_clock ****
make -j12 all 
arm-none-eabi-gcc "../Core/Src/main.c" -mcpu=cortex-m4 -std=gnu11 -g3 -DDEBUG -DUSE_HAL_DRIVER -DSTM32F446xx -c -I../Core/Inc -I../Drivers/STM32F4xx_HAL_Driver/Inc -I../Drivers/STM32F4xx_HAL_Driver/Inc/Legacy -I../Drivers/CMSIS/Device/ST/STM32F4xx/Include -I../Drivers/CMSIS/Include -O0 -ffunction-sections -fdata-sections -Wall -fstack-usage -fcyclomatic-complexity -MMD -MP -MF"Core/Src/main.d" -MT"Core/Src/main.o" --specs=nano.specs -mfpu=fpv4-sp-d16 -mfloat-abi=hard -mthumb -o "Core/Src/main.o"
arm-none-eabi-gcc -o "teste_clock.elf" @"objects.list"   -mcpu=cortex-m4 -T"D:\RepositorioGit\STM32Projetos\teste_clock\STM32F446RETX_FLASH.ld" --specs=nosys.specs -Wl,-Map="teste_clock.map" -Wl,--gc-sections -static --specs=nano.specs -mfpu=fpv4-sp-d16 -mfloat-abi=hard -mthumb -Wl,--start-group -lc -lm -Wl,--end-group
Finished building target: teste_clock.elf
 
arm-none-eabi-size  teste_clock.elf 
arm-none-eabi-objdump -h -S teste_clock.elf  > "teste_clock.list"
   text	   data	    bss	    dec	    hex	filename
   8532	     12	   1644	  10188	   27cc	teste_clock.elf
Finished building: default.size.stdout
 
Finished building: teste_clock.list
 

09:43:41 Build Finished. 0 errors, 0 warnings. (took 900ms)

